<area shape="rect" href="$classqmapcontrol_1_1Geometry.html" title="Main class for objects that should be painted in maps." alt="" coords="131,56,208,83">
<area shape="rect" href="$classqmapcontrol_1_1Layer.html" title="Layer class." alt="" coords="143,145,196,172">
<area shape="rect" href="$classqmapcontrol_1_1MapAdapter.html" title="Used to fit map servers into QMapControl." alt="" coords="124,221,215,248">
<area shape="rect" href="$classqmapcontrol_1_1Curve.html" title="A Curve Geometry, implemented to fullfil OGC Spec." alt="" coords="313,5,367,32">
<area shape="rect" href="$classqmapcontrol_1_1Point.html" title="A geometric point to draw objects into maps." alt="" coords="315,56,365,83">
<area shape="rect" href="$classqmapcontrol_1_1LineString.html" title="A collection of Point objects to describe a line." alt="" coords="491,5,571,32">
<area shape="rect" href="$classqmapcontrol_1_1CirclePoint.html" title="Draws a circle into the map." alt="" coords="489,56,572,83">
<area shape="rect" href="$classqmapcontrol_1_1ImagePoint.html" title="Draws an image into the map." alt="" coords="488,107,573,133">
<area shape="rect" href="$classqmapcontrol_1_1GeometryLayer.html" title="GeometryLayer class." alt="" coords="285,107,395,133">
<area shape="rect" href="$classqmapcontrol_1_1MapLayer.html" title="MapLayer class." alt="" coords="301,157,379,184">
<area shape="rect" href="$classqmapcontrol_1_1GoogleSatMapAdapter.html" title="MapAdapter for Google." alt="" coords="264,208,416,235">
<area shape="rect" href="$classqmapcontrol_1_1TileMapAdapter.html" title="MapAdapter for servers with image tiles." alt="" coords="284,259,396,285">
<area shape="rect" href="$classqmapcontrol_1_1WMSMapAdapter.html" title="MapAdapter for WMS servers." alt="" coords="279,309,401,336">
<area shape="rect" href="$classqmapcontrol_1_1GoogleMapAdapter.html" title="MapAdapter for Google." alt="" coords="465,208,596,235">
<area shape="rect" href="$classqmapcontrol_1_1OSMMapAdapter.html" title="MapAdapter for OpenStreetMap." alt="" coords="471,259,591,285">
<area shape="rect" href="$classqmapcontrol_1_1YahooMapAdapter.html" title="MapAdapter for Yahoo Maps." alt="" coords="467,309,595,336">
